
[42m[30m Quartz v5.0.0 [39m[49m 

Cleaned output directory `public` in 73ms
Found 7 input files from `content` in 29ms
Parsing input files using 1 threads

Warning: content/Excalidraw/Drawing 2026-09-30 13.37.03.excalidraw.md isn't yet tracked by git, dates will be inaccurate

Warning: content/数据库/未命名.md isn't yet tracked by git, dates will be inaccurate
Parsed 7 Markdown files in 5s
Filtered out 1 files in 125μs
Emitting files
Emitted 405 files to `public` in 2s
Done processing 7 files in 7s
Started a Quartz server listening at http://localhost:8080
hint: exit with ctrl+c
Detected change, rebuilding...
Parsing input files using 1 threads
Parsed 0 Markdown files in 543μs
Filtered out 0 files in 39μs
Emitted 11 files to `public` in 52ms
Done rebuilding in 54ms
Detected a source code change, doing a hard rebuild...
Cleaned output directory `public` in 75ms
Found 6 input files from `content` in 12ms
Parsing input files using 1 threads
Parsed 6 Markdown files in 519ms
Filtered out 0 files in 38μs
Emitting files
Emitted 402 files to `public` in 1s
Done processing 6 files in 2s
Detected a source code change, doing a hard rebuild...
Cleaned output directory `public` in 70ms
Found 6 input files from `content` in 7ms
Parsing input files using 1 threads
Parsed 6 Markdown files in 252ms
Filtered out 0 files in 36μs
Emitting files
Emitted 402 files to `public` in 1000ms
Done processing 6 files in 1s
Detected a source code change, doing a hard rebuild...
Cleaned output directory `public` in 66ms
Found 6 input files from `content` in 6ms
Parsing input files using 1 threads
Parsed 6 Markdown files in 569ms
Filtered out 0 files in 35μs
Emitting files
Emitted 402 files to `public` in 1s
Done processing 6 files in 2s
Detected change, rebuilding...
Parsing input files using 1 threads
Parsed 1 Markdown files in 23ms
Filtered out 0 files in 19μs
Emitted 13 files to `public` in 149ms
Done rebuilding in 154ms
Detected change, rebuilding...
Parsing input files using 1 threads
Parsed 1 Markdown files in 24ms
Filtered out 0 files in 22μs
Emitted 13 files to `public` in 133ms
Done rebuilding in 134ms
Detected change, rebuilding...
Parsing input files using 1 threads
Parsed 2 Markdown files in 351ms
Filtered out 0 files in 26μs
Emitted 15 files to `public` in 588ms
Done rebuilding in 591ms
Detected change, rebuilding...
Parsing input files using 1 threads
Parsed 2 Markdown files in 276ms
Filtered out 0 files in 18μs
Emitted 15 files to `public` in 483ms
Done rebuilding in 484ms
Detected a source code change, doing a hard rebuild...
Cleaned output directory `public` in 86ms
Found 7 input files from `content` in 14ms
Parsing input files using 1 threads
Parsed 7 Markdown files in 607ms
Filtered out 0 files in 36μs
Emitting files
Emitted 408 files to `public` in 1s
Done processing 7 files in 2s
Detected change, rebuilding...
Parsing input files using 1 threads
Parsed 1 Markdown files in 412ms
Filtered out 0 files in 35μs
Emitted 13 files to `public` in 622ms
Done rebuilding in 624ms
Detected change, rebuilding...
Parsing input files using 1 threads
Parsed 2 Markdown files in 316ms
Filtered out 0 files in 23μs
Emitted 15 files to `public` in 614ms
Done rebuilding in 616ms
Detected change, rebuilding...
Parsing input files using 1 threads
Parsed 2 Markdown files in 541ms
Filtered out 0 files in 27μs
Emitted 15 files to `public` in 815ms
Done rebuilding in 816ms
Detected change, rebuilding...
Parsing input files using 1 threads
Parsed 1 Markdown files in 359ms
Filtered out 0 files in 17μs
Emitted 13 files to `public` in 502ms
Done rebuilding in 504ms
Detected change, rebuilding...
Parsing input files using 1 threads
Parsed 2 Markdown files in 524ms
Filtered out 0 files in 30μs
Emitted 15 files to `public` in 829ms
Done rebuilding in 830ms
Detected change, rebuilding...
Parsing input files using 1 threads
Parsed 1 Markdown files in 421ms
Filtered out 0 files in 33μs
Emitted 13 files to `public` in 645ms
Done rebuilding in 646ms
Detected change, rebuilding...
Parsing input files using 1 threads
Parsed 2 Markdown files in 367ms
Filtered out 0 files in 22μs
Emitted 15 files to `public` in 610ms
Done rebuilding in 611ms
Detected change, rebuilding...
Parsing input files using 1 threads
Parsed 1 Markdown files in 248ms
Filtered out 0 files in 20μs
Emitted 13 files to `public` in 392ms
Done rebuilding in 394ms
Detected change, rebuilding...
Parsing input files using 1 threads
Parsed 1 Markdown files in 362ms
Filtered out 0 files in 17μs
Emitted 13 files to `public` in 540ms
Done rebuilding in 545ms
Detected change, rebuilding...
Parsing input files using 1 threads
Parsed 2 Markdown files in 267ms
Filtered out 0 files in 21μs
Emitted 15 files to `public` in 506ms
Done rebuilding in 509ms
Detected change, rebuilding...
Parsing input files using 1 threads
Parsed 2 Markdown files in 344ms
Filtered out 0 files in 17μs
Emitted 15 files to `public` in 575ms
Done rebuilding in 577ms
Detected change, rebuilding...
Parsing input files using 1 threads
Parsed 1 Markdown files in 266ms
Filtered out 0 files in 20μs
Emitted 13 files to `public` in 415ms
Done rebuilding in 416ms
Detected change, rebuilding...
Parsing input files using 1 threads
Parsed 1 Markdown files in 245ms
Filtered out 0 files in 18μs
Emitted 13 files to `public` in 385ms
Done rebuilding in 386ms
Detected change, rebuilding...
Parsing input files using 1 threads
Parsed 2 Markdown files in 262ms
Filtered out 0 files in 27μs
Emitted 15 files to `public` in 484ms
Done rebuilding in 486ms
Detected change, rebuilding...
Parsing input files using 1 threads
Parsed 2 Markdown files in 404ms
Filtered out 0 files in 14μs
Emitted 15 files to `public` in 635ms
Done rebuilding in 636ms
Detected change, rebuilding...
Parsing input files using 1 threads
Parsed 1 Markdown files in 225ms
Filtered out 0 files in 17μs
Emitted 13 files to `public` in 392ms
Done rebuilding in 393ms
Detected change, rebuilding...
Parsing input files using 1 threads
Parsed 1 Markdown files in 375ms
Filtered out 0 files in 21μs
Emitted 13 files to `public` in 510ms
Done rebuilding in 511ms
Detected change, rebuilding...
Parsing input files using 1 threads
Parsed 2 Markdown files in 237ms
Filtered out 0 files in 33μs
Emitted 15 files to `public` in 452ms
Done rebuilding in 454ms
Detected change, rebuilding...
Parsing input files using 1 threads
Parsed 2 Markdown files in 262ms
Filtered out 0 files in 15μs
Emitted 15 files to `public` in 465ms
Done rebuilding in 467ms
Detected change, rebuilding...
Parsing input files using 1 threads
Parsed 1 Markdown files in 229ms
Filtered out 0 files in 16μs
Emitted 13 files to `public` in 353ms
Done rebuilding in 354ms
Detected change, rebuilding...
Parsing input files using 1 threads
Parsed 2 Markdown files in 442ms
Filtered out 0 files in 34μs
Emitted 15 files to `public` in 785ms
Done rebuilding in 787ms
Detected change, rebuilding...
Parsing input files using 1 threads
Parsed 1 Markdown files in 468ms
Filtered out 0 files in 37μs
Emitted 13 files to `public` in 699ms
Done rebuilding in 701ms
Detected change, rebuilding...
Parsing input files using 1 threads
Parsed 2 Markdown files in 317ms
Filtered out 0 files in 19μs
Emitted 15 files to `public` in 589ms
Done rebuilding in 591ms
Detected change, rebuilding...
Parsing input files using 1 threads
Parsed 1 Markdown files in 244ms
Filtered out 0 files in 23μs
Emitted 13 files to `public` in 386ms
Done rebuilding in 387ms
Detected change, rebuilding...
Parsing input files using 1 threads
Parsed 2 Markdown files in 366ms
Filtered out 0 files in 20μs
Emitted 15 files to `public` in 606ms
Done rebuilding in 607ms
Detected change, rebuilding...
Parsing input files using 1 threads
Parsed 1 Markdown files in 262ms
Filtered out 0 files in 23μs
Emitted 13 files to `public` in 429ms
Done rebuilding in 431ms
Detected change, rebuilding...
Parsing input files using 1 threads
Parsed 2 Markdown files in 292ms
Filtered out 0 files in 14μs
Emitted 15 files to `public` in 508ms
Done rebuilding in 509ms
Detected change, rebuilding...
Parsing input files using 1 threads
Parsed 1 Markdown files in 238ms
Filtered out 0 files in 16μs
Emitted 13 files to `public` in 377ms
Done rebuilding in 379ms
Detected change, rebuilding...
Parsing input files using 1 threads
Parsed 2 Markdown files in 310ms
Filtered out 0 files in 25μs
Emitted 15 files to `public` in 581ms
Done rebuilding in 583ms
Detected change, rebuilding...
Parsing input files using 1 threads
Parsed 1 Markdown files in 264ms
Filtered out 0 files in 17μs
Emitted 13 files to `public` in 415ms
Done rebuilding in 416ms
Detected change, rebuilding...
Parsing input files using 1 threads
Parsed 1 Markdown files in 227ms
Filtered out 0 files in 17μs
Emitted 13 files to `public` in 366ms
Done rebuilding in 367ms
Detected change, rebuilding...
Parsing input files using 1 threads
Parsed 2 Markdown files in 234ms
Filtered out 0 files in 15μs
Emitted 15 files to `public` in 465ms
Done rebuilding in 465ms
Detected change, rebuilding...
Parsing input files using 1 threads
Parsed 1 Markdown files in 300ms
Filtered out 0 files in 33μs
Emitted 13 files to `public` in 451ms
Done rebuilding in 452ms
Detected change, rebuilding...
Parsing input files using 1 threads
Parsed 2 Markdown files in 231ms
Filtered out 0 files in 20μs
Emitted 15 files to `public` in 477ms
Done rebuilding in 479ms
Detected change, rebuilding...
Parsing input files using 1 threads
Parsed 1 Markdown files in 256ms
Filtered out 0 files in 14μs
Emitted 13 files to `public` in 419ms
Done rebuilding in 422ms
Detected change, rebuilding...
Parsing input files using 1 threads
Parsed 2 Markdown files in 239ms
Filtered out 0 files in 19μs
Emitted 15 files to `public` in 455ms
Done rebuilding in 456ms
Detected change, rebuilding...
Parsing input files using 1 threads
Parsed 1 Markdown files in 215ms
Filtered out 0 files in 18μs
Emitted 13 files to `public` in 359ms
Done rebuilding in 361ms
Detected change, rebuilding...
Parsing input files using 1 threads
Parsed 2 Markdown files in 235ms
Filtered out 0 files in 18μs
Emitted 15 files to `public` in 468ms
Done rebuilding in 471ms
Detected change, rebuilding...
Parsing input files using 1 threads
Parsed 1 Markdown files in 233ms
Filtered out 0 files in 24μs
Emitted 13 files to `public` in 372ms
Done rebuilding in 374ms
Detected change, rebuilding...
Parsing input files using 1 threads
Parsed 2 Markdown files in 226ms
Filtered out 0 files in 16μs
Emitted 15 files to `public` in 448ms
Done rebuilding in 449ms
Detected change, rebuilding...
Parsing input files using 1 threads
Parsed 1 Markdown files in 290ms
Filtered out 0 files in 14μs
Emitted 13 files to `public` in 450ms
Done rebuilding in 452ms
Detected change, rebuilding...
Parsing input files using 1 threads
Parsed 2 Markdown files in 230ms
Filtered out 0 files in 13μs
Emitted 15 files to `public` in 456ms
Done rebuilding in 457ms
Detected change, rebuilding...
Parsing input files using 1 threads
Parsed 1 Markdown files in 225ms
Filtered out 0 files in 14μs
Emitted 13 files to `public` in 374ms
Done rebuilding in 376ms
Detected change, rebuilding...
Parsing input files using 1 threads
Parsed 2 Markdown files in 270ms
Filtered out 0 files in 17μs
Emitted 15 files to `public` in 497ms
Done rebuilding in 498ms
Detected change, rebuilding...
Parsing input files using 1 threads
Parsed 2 Markdown files in 245ms
Filtered out 0 files in 16μs
Emitted 15 files to `public` in 472ms
Done rebuilding in 473ms
Detected change, rebuilding...
Parsing input files using 1 threads
Parsed 1 Markdown files in 244ms
Filtered out 0 files in 19μs
Emitted 13 files to `public` in 385ms
Done rebuilding in 387ms
Detected change, rebuilding...
Parsing input files using 1 threads
Parsed 1 Markdown files in 258ms
Filtered out 0 files in 25μs
Emitted 13 files to `public` in 433ms
Done rebuilding in 436ms
Detected change, rebuilding...
Parsing input files using 1 threads
Parsed 2 Markdown files in 288ms
Filtered out 0 files in 16μs
Emitted 15 files to `public` in 518ms
Done rebuilding in 520ms
Detected change, rebuilding...
Parsing input files using 1 threads
Parsed 2 Markdown files in 361ms
Filtered out 0 files in 17μs
Emitted 15 files to `public` in 589ms
Done rebuilding in 592ms
Detected change, rebuilding...
Parsing input files using 1 threads
Parsed 3 Markdown files in 274ms
Filtered out 0 files in 17μs
Emitted 17 files to `public` in 566ms
Done rebuilding in 568ms
Detected change, rebuilding...
Parsing input files using 1 threads

Warning: content/江波龙学习笔记/江波龙学习工作总结/江波龙学习工作总结.md isn't yet tracked by git, dates will be inaccurate
Parsed 3 Markdown files in 702ms
Filtered out 0 files in 15μs
Emitted 20 files to `public` in 1s
Done rebuilding in 1s
Detected change, rebuilding...
Parsing input files using 1 threads

Warning: content/江波龙学习笔记/江波龙学习工作总结/江波龙学习工作总结.md isn't yet tracked by git, dates will be inaccurate
Parsed 4 Markdown files in 411ms
Filtered out 0 files in 18μs
Emitted 22 files to `public` in 827ms
Done rebuilding in 830ms
Detected change, rebuilding...
Parsing input files using 1 threads

Warning: content/江波龙学习笔记/江波龙学习工作总结/江波龙学习工作总结.md isn't yet tracked by git, dates will be inaccurate
Parsed 3 Markdown files in 444ms
Filtered out 0 files in 14μs
Emitted 20 files to `public` in 820ms
Done rebuilding in 823ms
Detected change, rebuilding...
Parsing input files using 1 threads

Warning: content/江波龙学习笔记/江波龙学习工作总结/江波龙学习工作总结.md isn't yet tracked by git, dates will be inaccurate
Parsed 4 Markdown files in 423ms
Filtered out 0 files in 25μs
Emitted 22 files to `public` in 832ms
Done rebuilding in 835ms
Detected change, rebuilding...
Parsing input files using 1 threads

Warning: content/江波龙学习笔记/江波龙学习工作总结/江波龙学习工作总结.md isn't yet tracked by git, dates will be inaccurate
Parsed 3 Markdown files in 314ms
Filtered out 0 files in 18μs
Emitted 20 files to `public` in 676ms
Done rebuilding in 679ms
Detected change, rebuilding...
Parsing input files using 1 threads

Warning: content/江波龙学习笔记/江波龙学习工作总结/江波龙学习工作总结.md isn't yet tracked by git, dates will be inaccurate
Parsed 4 Markdown files in 354ms
Filtered out 0 files in 13μs
Emitted 22 files to `public` in 754ms
Done rebuilding in 756ms
Detected change, rebuilding...
Parsing input files using 1 threads

Warning: content/江波龙学习笔记/江波龙学习工作总结/江波龙学习工作总结.md isn't yet tracked by git, dates will be inaccurate
Parsed 4 Markdown files in 612ms
Filtered out 0 files in 37μs
Emitted 22 files to `public` in 1s
Done rebuilding in 1s
Detected change, rebuilding...
Parsing input files using 1 threads

Warning: content/江波龙学习笔记/江波龙学习工作总结/江波龙学习工作总结.md isn't yet tracked by git, dates will be inaccurate
Parsed 3 Markdown files in 468ms
Filtered out 0 files in 23μs
Emitted 20 files to `public` in 893ms
Done rebuilding in 895ms
Detected change, rebuilding...
Parsing input files using 1 threads

Warning: content/江波龙学习笔记/江波龙学习工作总结/江波龙学习工作总结.md isn't yet tracked by git, dates will be inaccurate
Parsed 3 Markdown files in 527ms
Filtered out 0 files in 18μs
Emitted 20 files to `public` in 873ms
Done rebuilding in 876ms
Detected change, rebuilding...
Parsing input files using 1 threads

Warning: content/江波龙学习笔记/江波龙学习工作总结/江波龙学习工作总结.md isn't yet tracked by git, dates will be inaccurate
Parsed 4 Markdown files in 358ms
Filtered out 0 files in 16μs
Emitted 22 files to `public` in 784ms
Done rebuilding in 787ms
Detected change, rebuilding...
Parsing input files using 1 threads

Warning: content/江波龙学习笔记/江波龙学习工作总结/江波龙学习工作总结.md isn't yet tracked by git, dates will be inaccurate
Parsed 3 Markdown files in 354ms
Filtered out 0 files in 18μs
Emitted 20 files to `public` in 706ms
Done rebuilding in 708ms
Detected change, rebuilding...
Parsing input files using 1 threads

Warning: content/江波龙学习笔记/江波龙学习工作总结/江波龙学习工作总结.md isn't yet tracked by git, dates will be inaccurate
Parsed 4 Markdown files in 312ms
Filtered out 0 files in 18μs
Emitted 22 files to `public` in 705ms
Done rebuilding in 707ms
Detected change, rebuilding...
Parsing input files using 1 threads

Warning: content/江波龙学习笔记/江波龙学习工作总结/江波龙学习工作总结.md isn't yet tracked by git, dates will be inaccurate
Parsed 4 Markdown files in 381ms
Filtered out 0 files in 20μs
Emitted 22 files to `public` in 944ms
Done rebuilding in 946ms
Detected change, rebuilding...
Parsing input files using 1 threads

Warning: content/江波龙学习笔记/江波龙学习工作总结/江波龙学习工作总结.md isn't yet tracked by git, dates will be inaccurate
Parsed 3 Markdown files in 310ms
Filtered out 0 files in 14μs
Emitted 20 files to `public` in 650ms
Done rebuilding in 653ms
Detected change, rebuilding...
Parsing input files using 1 threads

Warning: content/江波龙学习笔记/江波龙学习工作总结/江波龙学习工作总结.md isn't yet tracked by git, dates will be inaccurate
Parsed 3 Markdown files in 471ms
Filtered out 0 files in 15μs
Emitted 20 files to `public` in 825ms
Done rebuilding in 827ms
Detected change, rebuilding...
Parsing input files using 1 threads

Warning: content/江波龙学习笔记/江波龙学习工作总结/江波龙学习工作总结.md isn't yet tracked by git, dates will be inaccurate
Parsed 4 Markdown files in 438ms
Filtered out 0 files in 21μs
Emitted 22 files to `public` in 870ms
Done rebuilding in 871ms
Detected change, rebuilding...
Parsing input files using 1 threads

Warning: content/江波龙学习笔记/江波龙学习工作总结/江波龙学习工作总结.md isn't yet tracked by git, dates will be inaccurate
Parsed 3 Markdown files in 337ms
Filtered out 0 files in 15μs
Emitted 20 files to `public` in 678ms
Done rebuilding in 679ms
Detected change, rebuilding...
Parsing input files using 1 threads

Warning: content/江波龙学习笔记/江波龙学习工作总结/江波龙学习工作总结.md isn't yet tracked by git, dates will be inaccurate
Parsed 4 Markdown files in 317ms
Filtered out 0 files in 15μs
Emitted 22 files to `public` in 731ms
Done rebuilding in 733ms
Detected change, rebuilding...
Parsing input files using 1 threads

Warning: content/江波龙学习笔记/江波龙学习工作总结/江波龙学习工作总结.md isn't yet tracked by git, dates will be inaccurate
Parsed 3 Markdown files in 372ms
Filtered out 0 files in 14μs
Emitted 20 files to `public` in 735ms
Done rebuilding in 737ms
Detected change, rebuilding...
Parsing input files using 1 threads

Warning: content/江波龙学习笔记/江波龙学习工作总结/江波龙学习工作总结.md isn't yet tracked by git, dates will be inaccurate
Parsed 4 Markdown files in 321ms
Filtered out 0 files in 16μs
Emitted 22 files to `public` in 763ms
Done rebuilding in 765ms
Detected change, rebuilding...
Parsing input files using 1 threads

Warning: content/江波龙学习笔记/江波龙学习工作总结/江波龙学习工作总结.md isn't yet tracked by git, dates will be inaccurate
Parsed 3 Markdown files in 325ms
Filtered out 0 files in 13μs
Emitted 20 files to `public` in 682ms
Done rebuilding in 683ms
Detected change, rebuilding...
Parsing input files using 1 threads

Warning: content/江波龙学习笔记/江波龙学习工作总结/江波龙学习工作总结.md isn't yet tracked by git, dates will be inaccurate
Parsed 4 Markdown files in 345ms
Filtered out 0 files in 13μs
Emitted 22 files to `public` in 779ms
Done rebuilding in 781ms
Detected change, rebuilding...
Parsing input files using 1 threads

Warning: content/江波龙学习笔记/江波龙学习工作总结/江波龙学习工作总结.md isn't yet tracked by git, dates will be inaccurate
Parsed 4 Markdown files in 369ms
Filtered out 0 files in 13μs
Emitted 22 files to `public` in 804ms
Done rebuilding in 807ms
Detected change, rebuilding...
Parsing input files using 1 threads

Warning: content/江波龙学习笔记/江波龙学习工作总结/江波龙学习工作总结.md isn't yet tracked by git, dates will be inaccurate
Parsed 3 Markdown files in 355ms
Filtered out 0 files in 15μs
Emitted 20 files to `public` in 712ms
Done rebuilding in 714ms
Detected change, rebuilding...
Parsing input files using 1 threads

Warning: content/江波龙学习笔记/江波龙学习工作总结/江波龙学习工作总结.md isn't yet tracked by git, dates will be inaccurate
Parsed 4 Markdown files in 345ms
Filtered out 0 files in 17μs
Emitted 22 files to `public` in 763ms
Done rebuilding in 766ms
Detected change, rebuilding...
Parsing input files using 1 threads

Warning: content/江波龙学习笔记/江波龙学习工作总结/江波龙学习工作总结.md isn't yet tracked by git, dates will be inaccurate
Parsed 3 Markdown files in 292ms
Filtered out 0 files in 15μs
Emitted 20 files to `public` in 626ms
Done rebuilding in 628ms
Detected change, rebuilding...
Parsing input files using 1 threads

Warning: content/江波龙学习笔记/江波龙学习工作总结/江波龙学习工作总结.md isn't yet tracked by git, dates will be inaccurate
Parsed 3 Markdown files in 385ms
Filtered out 0 files in 20μs
Emitted 20 files to `public` in 718ms
Done rebuilding in 720ms
Detected change, rebuilding...
Parsing input files using 1 threads

Warning: content/江波龙学习笔记/江波龙学习工作总结/江波龙学习工作总结.md isn't yet tracked by git, dates will be inaccurate
Parsed 4 Markdown files in 389ms
Filtered out 0 files in 15μs
Emitted 22 files to `public` in 799ms
Done rebuilding in 802ms
Detected change, rebuilding...
Parsing input files using 1 threads

Warning: content/江波龙学习笔记/江波龙学习工作总结/江波龙学习工作总结.md isn't yet tracked by git, dates will be inaccurate
Parsed 3 Markdown files in 415ms
Filtered out 0 files in 16μs
Emitted 20 files to `public` in 728ms
Done rebuilding in 730ms
Detected change, rebuilding...
Parsing input files using 1 threads

Warning: content/江波龙学习笔记/江波龙学习工作总结/江波龙学习工作总结.md isn't yet tracked by git, dates will be inaccurate
Parsed 2 Markdown files in 350ms
Filtered out 0 files in 23μs
Emitted 18 files to `public` in 612ms
Done rebuilding in 615ms
Detected change, rebuilding...
Parsing input files using 1 threads

Warning: content/江波龙学习笔记/江波龙学习工作总结/江波龙学习工作总结.md isn't yet tracked by git, dates will be inaccurate
Parsed 2 Markdown files in 455ms
Filtered out 0 files in 19μs
Emitted 18 files to `public` in 742ms
Done rebuilding in 745ms
Detected change, rebuilding...
Parsing input files using 1 threads

Warning: content/江波龙学习笔记/江波龙学习工作总结/江波龙学习工作总结.md isn't yet tracked by git, dates will be inaccurate
Parsed 3 Markdown files in 347ms
Filtered out 0 files in 14μs
Emitted 20 files to `public` in 715ms
Done rebuilding in 717ms
Detected change, rebuilding...
Parsing input files using 1 threads

Warning: content/江波龙学习笔记/江波龙学习工作总结/江波龙学习工作总结.md isn't yet tracked by git, dates will be inaccurate
Parsed 2 Markdown files in 362ms
Filtered out 0 files in 14μs
Emitted 18 files to `public` in 638ms
Done rebuilding in 641ms
Detected change, rebuilding...
Parsing input files using 1 threads

Warning: content/江波龙学习笔记/江波龙学习工作总结/江波龙学习工作总结.md isn't yet tracked by git, dates will be inaccurate
Parsed 3 Markdown files in 312ms
Filtered out 0 files in 17μs
Emitted 20 files to `public` in 647ms
Done rebuilding in 649ms
Detected change, rebuilding...
Parsing input files using 1 threads

Warning: content/江波龙学习笔记/江波龙学习工作总结/江波龙学习工作总结.md isn't yet tracked by git, dates will be inaccurate
Parsed 2 Markdown files in 354ms
Filtered out 0 files in 17μs
Emitted 18 files to `public` in 618ms
Done rebuilding in 620ms
Detected change, rebuilding...
Parsing input files using 1 threads

Warning: content/江波龙学习笔记/江波龙学习工作总结/江波龙学习工作总结.md isn't yet tracked by git, dates will be inaccurate
Parsed 3 Markdown files in 306ms
Filtered out 0 files in 14μs
Emitted 20 files to `public` in 647ms
Done rebuilding in 650ms
Detected change, rebuilding...
Parsing input files using 1 threads

Warning: content/江波龙学习笔记/江波龙学习工作总结/江波龙学习工作总结.md isn't yet tracked by git, dates will be inaccurate
Parsed 3 Markdown files in 253ms
Filtered out 0 files in 14μs
Emitted 20 files to `public` in 541ms
Done rebuilding in 544ms
Detected change, rebuilding...
Parsing input files using 1 threads

Warning: content/江波龙学习笔记/江波龙学习工作总结/江波龙学习工作总结.md isn't yet tracked by git, dates will be inaccurate
Parsed 2 Markdown files in 240ms
Filtered out 0 files in 14μs
Emitted 18 files to `public` in 474ms
Done rebuilding in 475ms
Detected a source code change, doing a hard rebuild...
Cleaned output directory `public` in 83ms
Found 7 input files from `content` in 12ms
Parsing input files using 1 threads

Warning: content/江波龙学习笔记/江波龙学习工作总结/江波龙学习工作总结.md isn't yet tracked by git, dates will be inaccurate
Parsed 7 Markdown files in 536ms
Filtered out 0 files in 36μs
Emitting files
Emitted 411 files to `public` in 1s
Done processing 7 files in 2s
Detected change, rebuilding...
Parsing input files using 1 threads

Warning: content/江波龙学习笔记/江波龙学习工作总结/江波龙学习工作总结.md isn't yet tracked by git, dates will be inaccurate
Parsed 3 Markdown files in 468ms
Filtered out 0 files in 21μs
Emitted 20 files to `public` in 861ms
Done rebuilding in 863ms
Detected change, rebuilding...
Parsing input files using 1 threads

Warning: content/江波龙学习笔记/江波龙学习工作总结/江波龙学习工作总结.md isn't yet tracked by git, dates will be inaccurate
Parsed 1 Markdown files in 130ms
Filtered out 0 files in 29μs
Emitted 13 files to `public` in 320ms
Done rebuilding in 323ms
Detected change, rebuilding...
Parsing input files using 1 threads

Warning: content/江波龙学习笔记/江波龙学习工作总结/江波龙学习工作总结.md isn't yet tracked by git, dates will be inaccurate
Parsed 3 Markdown files in 615ms
Filtered out 0 files in 38μs
Emitted 17 files to `public` in 1s
Done rebuilding in 1s
Detected change, rebuilding...
Parsing input files using 1 threads

Warning: content/江波龙学习笔记/江波龙学习工作总结/江波龙学习工作总结.md isn't yet tracked by git, dates will be inaccurate
Parsed 3 Markdown files in 493ms
Filtered out 0 files in 18μs
Detected change, rebuilding...
Parsing input files using 1 threads

Warning: content/江波龙学习笔记/江波龙学习工作总结/江波龙学习工作总结.md isn't yet tracked by git, dates will be inaccurate
Parsed 1 Markdown files in 123ms
Filtered out 0 files in 32μs
Detected change, rebuilding...
Parsing input files using 1 threads

Warning: content/江波龙学习笔记/江波龙学习工作总结/江波龙学习工作总结.md isn't yet tracked by git, dates will be inaccurate
Parsed 4 Markdown files in 540ms
Filtered out 0 files in 20μs
Detected change, rebuilding...
Parsing input files using 1 threads

Warning: content/江波龙学习笔记/江波龙学习工作总结/江波龙学习工作总结.md isn't yet tracked by git, dates will be inaccurate
Parsed 2 Markdown files in 285ms
Filtered out 0 files in 35μs
Detected change, rebuilding...
Parsing input files using 1 threads

Warning: content/江波龙学习笔记/江波龙学习工作总结/江波龙学习工作总结.md isn't yet tracked by git, dates will be inaccurate
Parsed 4 Markdown files in 545ms
Filtered out 0 files in 29μs
Detected change, rebuilding...
Parsing input files using 1 threads

Warning: content/江波龙学习笔记/江波龙学习工作总结/江波龙学习工作总结.md isn't yet tracked by git, dates will be inaccurate
Parsed 2 Markdown files in 231ms
Filtered out 0 files in 33μs
Detected change, rebuilding...
Parsing input files using 1 threads

Warning: content/江波龙学习笔记/江波龙学习工作总结/江波龙学习工作总结.md isn't yet tracked by git, dates will be inaccurate
Parsed 4 Markdown files in 723ms
Filtered out 0 files in 179μs
Detected change, rebuilding...
Parsing input files using 1 threads

Warning: content/江波龙学习笔记/江波龙学习工作总结/江波龙学习工作总结.md isn't yet tracked by git, dates will be inaccurate
Parsed 4 Markdown files in 481ms
Filtered out 0 files in 18μs
Detected change, rebuilding...
Parsing input files using 1 threads

Warning: content/江波龙学习笔记/江波龙学习工作总结/江波龙学习工作总结.md isn't yet tracked by git, dates will be inaccurate
Parsed 2 Markdown files in 116ms
Filtered out 0 files in 21μs
Detected change, rebuilding...
Parsing input files using 1 threads
Parsed 3 Markdown files in 442ms
Filtered out 0 files in 23μs
Detected change, rebuilding...
Parsing input files using 1 threads

Warning: content/江波龙学习笔记/江波龙学习工作总结.md isn't yet tracked by git, dates will be inaccurate
Parsed 4 Markdown files in 406ms
Filtered out 0 files in 19μs
Detected change, rebuilding...
Parsing input files using 1 threads

Warning: content/江波龙学习笔记/江波龙学习工作总结.md isn't yet tracked by git, dates will be inaccurate
Parsed 2 Markdown files in 108ms
Filtered out 0 files in 39μs
Detected change, rebuilding...
Parsing input files using 1 threads

Warning: content/江波龙学习笔记/江波龙学习工作总结.md isn't yet tracked by git, dates will be inaccurate
Parsed 2 Markdown files in 223ms
Filtered out 0 files in 20μs
Detected change, rebuilding...
Parsing input files using 1 threads

Warning: content/江波龙学习笔记/江波龙学习工作总结.md isn't yet tracked by git, dates will be inaccurate
Parsed 4 Markdown files in 392ms
Filtered out 0 files in 20μs
Detected change, rebuilding...
Parsing input files using 1 threads

Warning: content/江波龙学习笔记/江波龙学习工作总结.md isn't yet tracked by git, dates will be inaccurate
Parsed 4 Markdown files in 406ms
Filtered out 0 files in 14μs
Detected change, rebuilding...
Parsing input files using 1 threads

Warning: content/江波龙学习笔记/江波龙学习工作总结.md isn't yet tracked by git, dates will be inaccurate
Parsed 2 Markdown files in 102ms
Filtered out 0 files in 44μs
Detected change, rebuilding...
Parsing input files using 1 threads

Warning: content/江波龙学习笔记/江波龙学习工作总结.md isn't yet tracked by git, dates will be inaccurate
Parsed 4 Markdown files in 390ms
Filtered out 0 files in 17μs
Detected change, rebuilding...
Parsing input files using 1 threads

Warning: content/江波龙学习笔记/江波龙学习工作总结.md isn't yet tracked by git, dates will be inaccurate
Parsed 2 Markdown files in 104ms
Filtered out 0 files in 21μs
Detected change, rebuilding...
Parsing input files using 1 threads

Warning: content/江波龙学习笔记/江波龙学习工作总结.md isn't yet tracked by git, dates will be inaccurate
Parsed 2 Markdown files in 226ms
Filtered out 0 files in 15μs
Detected change, rebuilding...
Parsing input files using 1 threads

Warning: content/江波龙学习笔记/江波龙学习工作总结.md isn't yet tracked by git, dates will be inaccurate
Parsed 4 Markdown files in 395ms
Filtered out 0 files in 22μs
Detected change, rebuilding...
Parsing input files using 1 threads

Warning: content/江波龙学习笔记/江波龙学习工作总结.md isn't yet tracked by git, dates will be inaccurate
Parsed 2 Markdown files in 100ms
Filtered out 0 files in 16μs
Detected change, rebuilding...
Parsing input files using 1 threads

Warning: content/江波龙学习笔记/江波龙学习工作总结.md isn't yet tracked by git, dates will be inaccurate
Parsed 4 Markdown files in 365ms
Filtered out 0 files in 17μs
Detected change, rebuilding...
Parsing input files using 1 threads

Warning: content/江波龙学习笔记/江波龙学习工作总结.md isn't yet tracked by git, dates will be inaccurate
Parsed 4 Markdown files in 505ms
Filtered out 0 files in 18μs
Detected change, rebuilding...
Parsing input files using 1 threads

Warning: content/江波龙学习笔记/江波龙学习工作总结.md isn't yet tracked by git, dates will be inaccurate
Parsed 2 Markdown files in 93ms
Filtered out 0 files in 21μs
Detected change, rebuilding...
Parsing input files using 1 threads

Warning: content/江波龙学习笔记/江波龙学习工作总结.md isn't yet tracked by git, dates will be inaccurate
Parsed 4 Markdown files in 380ms
Filtered out 0 files in 31μs
Detected change, rebuilding...
Parsing input files using 1 threads

Warning: content/江波龙学习笔记/江波龙学习工作总结.md isn't yet tracked by git, dates will be inaccurate
Parsed 2 Markdown files in 97ms
Filtered out 0 files in 18μs
Detected change, rebuilding...
Parsing input files using 1 threads

Warning: content/江波龙学习笔记/江波龙学习工作总结.md isn't yet tracked by git, dates will be inaccurate
